// Jest Snapshot v1, https://goo.gl/fbAQLP

exports[`y-grid组件 快照 1`] = `
<body>
  <y-grid
    params="maxheight:'200px', rows:rows, columns:columns"
  >
    <div>
      
  
      <div
        class="y-grid-wrapper"
        data-bind="css: {'y-grid-noborder':noborder, 'y-grid-separate': isSeparate},style:style"
      >
        
    
        <div
          class="y-grid"
          data-bind="css:{'y-grid-stripe':isStripe,'y-grid-border': isTableBorder},style:{height:computedMaxHeight,minHeight:minheight}"
          style="height: 200px; min-height: auto;"
        >
          
      
          <y-grid-head
            data-bind="visible:!nohead"
            params="lockhead:lockhead,columns:columns,allRowChecked:allRowChecked,tableWidth:tableWidth"
          />
          
      
          <y-grid-body
            params="isShowLoading:isShowLoading,forbitRowSelect:forbitRowSelect,isSeparate:isSeparate,tdstyle: tdstyle, lockhead:lockhead,isNoDataCustomTpl: hasMarkup,defaultExpand:defaultExpand,tableWidth:tableWidth,rowspan:rowspan,domId:domId,expand:expand,maxheight:computedMaxHeight, isDataTable:isDataTable, columns:columns, rows:rows, onRowSelect:onRowSelect"
          >
            
        
            <!-- ko template: { nodes: $parent.$templateNodes } -->
            <!-- /ko -->
            
      
          </y-grid-body>
          
    
        </div>
        
  
      </div>
      
  
      <!-- ko if: pagination -->
      <!-- /ko -->
      

    </div>
    

  </y-grid>
</body>
`;
