// Jest Snapshot v1, https://goo.gl/fbAQLP

exports[`y-grid组件 快照 1`] = `
<body>
  <y-grid
    params="pagination:true,rows:rows,columns:columns"
  >
    <div>
      
  
      <div
        class="y-grid-wrapper"
        data-bind="css: {'y-grid-noborder':noborder, 'y-grid-separate': isSeparate, 'y-hasCollapseToolbar': lockright},style:style"
      >
        
    
        <div
          class="y-grid"
          data-bind="event:{scroll:handleScroll},css:{'y-grid-stripe':isStripe, 'y-grid-verticalScroll':verticalScroll,'y-grid-border': isTableBorder},style:{height:computedMaxHeight,minHeight:minheight}"
          style="height: 486px; min-height: auto;"
        >
          
      
          <y-grid-head
            data-bind="visible:!nohead"
            params="headtransform:headtransform,el:$el,columns1:columns1,columns2:columns2,lockhead:lockhead,columns:columns,allRowChecked:allRowChecked,tableWidth:tableWidth"
          />
          
      
          <y-grid-body
            params="transform:vertiacalScrollTransform,lockColumnHeight:lockColumnHeight,forbitRowSelectFn:forbitRowSelectFn,caculateColumns:caculateColumns,hasChildGrid:hasChildGrid,verticalAlign:verticalAlign,hasSummaryRow:hasSummaryRow,headHeight:headHeight,isEnableCrossPage:isEnableCrossPage,crossPageRowPrimaryKey:crossPageRowPrimaryKey,crossPageSelectedRows:crossPageSelectedRows,isShowLoading:isShowLoading,forbitRowSelect:forbitRowSelect,isSeparate:isSeparate,tdstyle: tdstyle, lockhead:lockhead,isNoDataCustomTpl: hasMarkup,defaultExpand:defaultExpand,tableWidth:tableWidth,rowspan:rowspan,domId:domId,expand:expand,maxheight:computedMaxHeight, isDataTable:isDataTable, columns:columns, rows:rows, onRowSelect:onRowSelect"
          >
            
        
            <!-- ko template: { nodes: $parent.$templateNodes } -->
            <!-- /ko -->
            
      
          </y-grid-body>
          
      
          <!-- ko if:lockcolumn-->
          <!-- /ko -->
          
      
          <!-- ko if:lockright-->
          <!-- /ko -->
          
      
          <!-- ko if: verticalScroll -->
          <!-- /ko -->
          
    
        </div>
        
  
      </div>
      
  
      <!-- ko if: pagination -->
      
  
      <y-pagination
        data-bind="visible: isShowPagination"
        params="pageSizeList:pageSizeList,onSizeChange:onSizeChange,onPageChage:onPageChange,pageSize: pageSize, totalCount: totalCount, pageIndex: pageIndex"
        style="display: none;"
      />
      
  
      <!-- /ko -->
      

    </div>
    

  </y-grid>
</body>
`;
