// Jest Snapshot v1, https://goo.gl/fbAQLP

exports[`y-box-content组件 快照 1`] = `
<body>
  <y-boxcontent
    params="title: title"
  >
    <div
      class="y-box-content"
      data-bind="css:classes,style:style"
    >
      
  
      <!-- ko if: title -->
      
  
      <div
        class="y-box-content-title"
        data-bind="text:title"
      >
        test
      </div>
      
  
      <!-- /ko -->
      
  
      <!-- ko template: { nodes: $componentTemplateNodes } -->
      <span>
        content
      </span>
      <!-- /ko -->
      

    </div>
    

  </y-boxcontent>
</body>
`;
